#
# There is insufficient memory for the Java Runtime Environment to continue.
# Native memory allocation (mmap) failed to map 132120576 bytes. Error detail: G1 virtual space
# Possible reasons:
#   The system is out of physical RAM or swap space
#   This process is running with CompressedOops enabled, and the Java Heap may be blocking the growth of the native heap
# Possible solutions:
#   Reduce memory load on the system
#   Increase physical memory or swap space
#   Check if swap backing store is full
#   Decrease Java heap size (-Xmx/-Xms)
#   Decrease number of Java threads
#   Decrease Java thread stack sizes (-Xss)
#   Set larger code cache with -XX:ReservedCodeCacheSize=
#   JVM is running with Unscaled Compressed Oops mode in which the Java heap is
#     placed in the first 4GB address space. The Java Heap base address is the
#     maximum limit for the native heap growth. Please use -XX:HeapBaseMinAddress
#     to set the Java Heap base and to place the Java Heap above 4GB virtual address.
# This output file may be truncated or incomplete.
#
#  Out of Memory Error (os_windows.cpp:3564), pid=19724, tid=21516
#
# JRE version:  (24.0.2+12) (build )
# Java VM: Java HotSpot(TM) 64-Bit Server VM (24.0.2+12-54, mixed mode, sharing, tiered, compressed oops, compressed class ptrs, g1 gc, windows-amd64)
# No core dump will be written. Minidumps are not enabled by default on client versions of Windows
#

---------------  S U M M A R Y ------------

Command Line: org.jetbrains.kotlin.cli.jvm.K2JVMCompiler @C:\src\flutter\packages\flutter_tools\gradle\build\20260426_5617632539892426890.compiler.options

Host: Intel(R) Core(TM) i5-8350U CPU @ 1.70GHz, 8 cores, 7G,  Windows 10 , 64 bit Build 19041 (10.0.19041.5915)
Time: Sun Apr 26 00:50:32 2026 W. Central Africa Standard Time elapsed time: 0.021709 seconds (0d 0h 0m 0s)

---------------  T H R E A D  ---------------

Current thread (0x00000264b82a1240):  JavaThread "Unknown thread" [_thread_in_vm, id=21516, stack(0x000000b981f00000,0x000000b982000000) (1024K)]

Stack: [0x000000b981f00000,0x000000b982000000]
Native frames: (J=compiled Java code, j=interpreted, Vv=VM code, C=native code)
V  [jvm.dll+0x730829]  (no source info available)
V  [jvm.dll+0x8d9da3]  (no source info available)
V  [jvm.dll+0x8dc28d]  (no source info available)
V  [jvm.dll+0x8dc903]  (no source info available)
V  [jvm.dll+0x2a9f56]  (no source info available)
V  [jvm.dll+0x72cd55]  (no source info available)
V  [jvm.dll+0x72066a]  (no source info available)
V  [jvm.dll+0x390b7a]  (no source info available)
V  [jvm.dll+0x398906]  (no source info available)
V  [jvm.dll+0x3850de]  (no source info available)
V  [jvm.dll+0x385398]  (no source info available)
V  [jvm.dll+0x35d10c]  (no source info available)
V  [jvm.dll+0x35ddcd]  (no source info available)
V  [jvm.dll+0x89d50f]  (no source info available)
V  [jvm.dll+0x3f979d]  (no source info available)
V  [jvm.dll+0x885b66]  (no source info available)
V  [jvm.dll+0x495e7e]  (no source info available)
V  [jvm.dll+0x497c51]  (no source info available)
C  [jli.dll+0x52a1]  (no source info available)
C  [ucrtbase.dll+0x21bb2]  (no source info available)
C  [KERNEL32.DLL+0x17374]  (no source info available)
C  [ntdll.dll+0x4cc91]  (no source info available)

Lock stack of current Java thread (top to bottom):


---------------  P R O C E S S  ---------------

Threads class SMR info:
_java_thread_list=0x00007ffba140f318, length=0, elements={
}

Java Threads: ( => current thread )
Total: 0

Other Threads:
  0x00000264ba59e350 WorkerThread "GC Thread#0"                     [id=12596, stack(0x000000b982000000,0x000000b982100000) (1024K)]
  0x00000264ba5b2db0 ConcurrentGCThread "G1 Main Marker"            [id=17152, stack(0x000000b982100000,0x000000b982200000) (1024K)]
  0x00000264ba5b3a40 WorkerThread "G1 Conc#0"                       [id=22072, stack(0x000000b982200000,0x000000b982300000) (1024K)]

[error occurred during error reporting (printing all threads), id 0xc0000005, EXCEPTION_ACCESS_VIOLATION (0xc0000005) at pc=0x00007ffba0b4138a]
VM state: not at safepoint (not fully initialized)

VM Mutex/Monitor currently owned by a thread:  ([mutex/lock_event])
[0x00007ffba14945f0] Heap_lock - owner thread: 0x00000264b82a1240

Heap address: 0x0000000082600000, size: 2010 MB, Compressed Oops mode: 32-bit

CDS archive(s) mapped at: [0x0000000000000000-0x0000000000000000-0x0000000000000000), size 0, SharedBaseAddress: 0x0000000800000000, ArchiveRelocationMode: 1.
UseCompressedClassPointers 1, UseCompactObjectHeaders 0
Narrow klass pointer bits 32, Max shift 3
Narrow klass base: 0xffffffffffffffff, Narrow klass shift: -1
Encoding Range: [0xffffffffffffffff - 0x000000007fffffff), (2147483648 bytes)
Klass Range:    [0x0000000000000000 - 0x0000000000000000), (0 bytes)
Klass ID Range:  [4294967295 - 0) (1)

GC Precious Log:
 CardTable entry size: 512
 Card Set container configuration: InlinePtr #cards 5 size 8 Array Of Cards #cards 10 size 36 Howl #buckets 4 coarsen threshold 1843 Howl Bitmap #cards 512 size 80 coarsen threshold 460 Card regions per heap region 1 cards per card region 2048

Heap:
 garbage-first heap   total reserved 2058240K, committed 0K, used 0K [0x0000000082600000, 0x0000000100000000)
  region size 1024K, 0 young (0K), 0 survivors (0K)

[error occurred during error reporting (printing heap information), id 0xc0000005, EXCEPTION_ACCESS_VIOLATION (0xc0000005) at pc=0x00007ffba0f5e679]
GC Heap History (0 events):
No events

Dll operation events (1 events):
Event: 0.014 Loaded shared library C:\Program Files\Java\jdk-24\bin\java.dll

Deoptimization events (0 events):
No events

Classes loaded (0 events):
No events

Classes unloaded (0 events):
No events

Classes redefined (0 events):
No events

Internal exceptions (0 events):
No events

VM Operations (0 events):
No events

Memory protections (0 events):
No events

Nmethod flushes (0 events):
No events

Events (0 events):
No events


Dynamic libraries:
0x00007ff7ce290000 - 0x00007ff7ce2a0000 	C:\Program Files\Java\jdk-24\bin\java.exe
0x00007ffc71030000 - 0x00007ffc71228000 	C:\WINDOWS\SYSTEM32\ntdll.dll
0x00007ffc6faf0000 - 0x00007ffc6fbb2000 	C:\WINDOWS\System32\KERNEL32.DLL
0x00007ffc6e9d0000 - 0x00007ffc6ecc6000 	C:\WINDOWS\System32\KERNELBASE.dll
0x00007ffc6ed70000 - 0x00007ffc6ee70000 	C:\WINDOWS\System32\ucrtbase.dll
0x00007ffc41190000 - 0x00007ffc411ab000 	C:\Program Files\Java\jdk-24\bin\VCRUNTIME140.dll
0x00007ffc41310000 - 0x00007ffc41326000 	C:\Program Files\Java\jdk-24\bin\jli.dll
0x00007ffc70e40000 - 0x00007ffc70fe1000 	C:\WINDOWS\System32\USER32.dll
0x00007ffc6e9a0000 - 0x00007ffc6e9c2000 	C:\WINDOWS\System32\win32u.dll
0x00007ffc5b790000 - 0x00007ffc5ba2b000 	C:\WINDOWS\WinSxS\amd64_microsoft.windows.common-controls_6595b64144ccf1df_6.0.19041.6456_none_60b8a6cb71f64256\COMCTL32.dll
0x00007ffc706e0000 - 0x00007ffc7070b000 	C:\WINDOWS\System32\GDI32.dll
0x00007ffc70ce0000 - 0x00007ffc70d7e000 	C:\WINDOWS\System32\msvcrt.dll
0x00007ffc6e880000 - 0x00007ffc6e999000 	C:\WINDOWS\System32\gdi32full.dll
0x00007ffc6ecd0000 - 0x00007ffc6ed6d000 	C:\WINDOWS\System32\msvcp_win.dll
0x00007ffc706b0000 - 0x00007ffc706df000 	C:\WINDOWS\System32\IMM32.DLL
0x00007ffc69bd0000 - 0x00007ffc69bdc000 	C:\Program Files\Java\jdk-24\bin\vcruntime140_1.dll
0x00007ffc284a0000 - 0x00007ffc2852e000 	C:\Program Files\Java\jdk-24\bin\msvcp140.dll
0x00007ffba07d0000 - 0x00007ffba1571000 	C:\Program Files\Java\jdk-24\bin\server\jvm.dll
0x00007ffc70d80000 - 0x00007ffc70e31000 	C:\WINDOWS\System32\ADVAPI32.dll
0x00007ffc70710000 - 0x00007ffc707af000 	C:\WINDOWS\System32\sechost.dll
0x00007ffc6f820000 - 0x00007ffc6f940000 	C:\WINDOWS\System32\RPCRT4.dll
0x00007ffc6e7a0000 - 0x00007ffc6e7c7000 	C:\WINDOWS\System32\bcrypt.dll
0x00007ffc70120000 - 0x00007ffc7018b000 	C:\WINDOWS\System32\WS2_32.dll
0x00007ffc6dbc0000 - 0x00007ffc6dc0b000 	C:\WINDOWS\SYSTEM32\POWRPROF.dll
0x00007ffc52960000 - 0x00007ffc52987000 	C:\WINDOWS\SYSTEM32\WINMM.dll
0x00007ffc68ed0000 - 0x00007ffc68eda000 	C:\WINDOWS\SYSTEM32\VERSION.dll
0x00007ffc6da80000 - 0x00007ffc6da92000 	C:\WINDOWS\SYSTEM32\UMPDC.dll
0x00007ffc6c4f0000 - 0x00007ffc6c502000 	C:\WINDOWS\SYSTEM32\kernel.appcore.dll
0x00007ffc68cf0000 - 0x00007ffc68cfa000 	C:\Program Files\Java\jdk-24\bin\jimage.dll
0x00007ffc5aa90000 - 0x00007ffc5ac91000 	C:\WINDOWS\SYSTEM32\DBGHELP.DLL
0x00007ffc42cd0000 - 0x00007ffc42d04000 	C:\WINDOWS\SYSTEM32\dbgcore.DLL
0x00007ffc6e710000 - 0x00007ffc6e792000 	C:\WINDOWS\System32\bcryptPrimitives.dll
0x00007ffc3a680000 - 0x00007ffc3a69e000 	C:\Program Files\Java\jdk-24\bin\java.dll
0x00007ffc6ffd0000 - 0x00007ffc700fb000 	C:\WINDOWS\System32\ole32.dll
0x00007ffc707b0000 - 0x00007ffc70b04000 	C:\WINDOWS\System32\combase.dll
0x00007ffc6f050000 - 0x00007ffc6f7c0000 	C:\WINDOWS\System32\SHELL32.dll

JVMTI agents: none

dbghelp: loaded successfully - version: 4.0.5 - missing functions: none
symbol engine: initialized successfully - sym options: 0x614 - pdb path: .;C:\Program Files\Java\jdk-24\bin;C:\WINDOWS\SYSTEM32;C:\WINDOWS\WinSxS\amd64_microsoft.windows.common-controls_6595b64144ccf1df_6.0.19041.6456_none_60b8a6cb71f64256;C:\Program Files\Java\jdk-24\bin\server

VM Arguments:
java_command: org.jetbrains.kotlin.cli.jvm.K2JVMCompiler @C:\src\flutter\packages\flutter_tools\gradle\build\20260426_5617632539892426890.compiler.options
java_class_path (initial): C:\Users\Bradford Nfor\.gradle\caches\modules-2\files-2.1\org.jetbrains.kotlin\kotlin-compiler-embeddable\2.0.21\79346ed53db48b18312a472602eb5c057070c54d\kotlin-compiler-embeddable-2.0.21.jar;C:\Users\Bradford Nfor\.gradle\caches\modules-2\files-2.1\org.jetbrains.kotlin\kotlin-stdlib\2.0.21\618b539767b4899b4660a83006e052b63f1db551\kotlin-stdlib-2.0.21.jar;C:\Users\Bradford Nfor\.gradle\caches\modules-2\files-2.1\org.jetbrains.kotlin\kotlin-script-runtime\2.0.21\c9b044380ad41f89aa89aa896c2d32a8c0b2129d\kotlin-script-runtime-2.0.21.jar;C:\Users\Bradford Nfor\.gradle\caches\modules-2\files-2.1\org.jetbrains.kotlin\kotlin-reflect\1.6.10\1cbe9c92c12a94eea200d23c2bbaedaf3daf5132\kotlin-reflect-1.6.10.jar;C:\Users\Bradford Nfor\.gradle\caches\modules-2\files-2.1\org.jetbrains.kotlin\kotlin-daemon-embeddable\2.0.21\c9e933b23287de9b5a17e2116b4657bb91aea72c\kotlin-daemon-embeddable-2.0.21.jar;C:\Users\Bradford Nfor\.gradle\caches\modules-2\files-2.1\org.jetbrains.intellij.deps\trove4j\1.0.20200330\3afb14d5f9ceb459d724e907a21145e8ff394f02\trove4j-1.0.20200330.jar;C:\Users\Bradford Nfor\.gradle\caches\modules-2\files-2.1\org.jetbrains.kotlinx\kotlinx-coroutines-core-jvm\1.6.4\2c997cd1c0ef33f3e751d3831929aeff1390cb30\kotlinx-coroutines-core-jvm-1.6.4.jar;C:\Users\Bradford Nfor\.gradle\caches\modules-2\files-2.1\org.jetbrains\annotations\13.0\919f0dfe192fb4e063e7dacadee7f8bb9a2672a9\annotations-13.0.jar
Launcher Type: SUN_STANDARD

[Global flags]
     intx CICompilerCount                          = 4                                         {product} {ergonomic}
     uint ConcGCThreads                            = 2                                         {product} {ergonomic}
     uint G1ConcRefinementThreads                  = 8                                         {product} {ergonomic}
   size_t G1HeapRegionSize                         = 1048576                                   {product} {ergonomic}
   size_t InitialHeapSize                          = 132120576                                 {product} {ergonomic}
   size_t MarkStackSize                            = 4194304                                   {product} {ergonomic}
   size_t MarkStackSizeMax                         = 536870912                                 {product} {ergonomic}
   size_t MaxHeapSize                              = 2107637760                                {product} {ergonomic}
   size_t MinHeapDeltaBytes                        = 1048576                                   {product} {ergonomic}
   size_t MinHeapSize                              = 8388608                                   {product} {ergonomic}
    uintx NonNMethodCodeHeapSize                   = 5832704                                {pd product} {ergonomic}
    uintx NonProfiledCodeHeapSize                  = 122945536                              {pd product} {ergonomic}
    uintx ProfiledCodeHeapSize                     = 122880000                              {pd product} {ergonomic}
    uintx ReservedCodeCacheSize                    = 251658240                              {pd product} {ergonomic}
     bool SegmentedCodeCache                       = true                                      {product} {ergonomic}
   size_t SoftMaxHeapSize                          = 2107637760                             {manageable} {ergonomic}
     bool UseCompressedOops                        = true                           {product lp64_product} {ergonomic}
     bool UseG1GC                                  = true                                      {product} {ergonomic}
     bool UseLargePagesIndividualAllocation        = false                                  {pd product} {ergonomic}

Logging:
Log output configuration:
 #0: stdout all=warning uptime,level,tags foldmultilines=false
 #1: stderr all=off uptime,level,tags foldmultilines=false

Environment Variables:
PATH=C:\Users\Bradford Nfor\AppData\Local\Programs\Microsoft VS Code;C:\Program Files\Common Files\Oracle\Java\javapath;C:\WINDOWS\system32;C:\WINDOWS;C:\WINDOWS\System32\Wbem;C:\WINDOWS\System32\WindowsPowerShell\v1.0\;C:\WINDOWS\System32\OpenSSH\;C:\Program Files (x86)\Windows Kits\10\Windows Performance Toolkit\;C:\Program Files\Microsoft SQL Server\150\Tools\Binn\;C:\Program Files\nodejs\;C:\Program Files\Docker\Docker\resources\bin;C:\xampp\php;C:\xampp\mysql\bin;C:\ProgramData\ComposerSetup\bin;C:\Program Files\dotnet\;C:\Users\Bradford Nfor\AppData\Local\Android\Sdk\platform-tools;C:\Program Files\Git\cmd;C:\Users\Bradford Nfor\AppData\Local\Programs\Python\Python313\Scripts\;C:\Users\Bradford Nfor\AppData\Local\Programs\Python\Python313\;C:\Users\Bradford Nfor\AppData\Local\Programs\Python\Launcher\;C:\Users\Bradford Nfor\AppData\Local\Microsoft\WindowsApps;C:\src\flutter\bin;C:\Users\Bradford Nfor\AppData\Roaming\npm;C:\Users\Bradford Nfor\AppData\Roaming\Composer\vendor\bin;C:\Users\Bradford Nfor\AppData\Local\Programs\Microsoft VS Code\bin;C:\Program Files\PostgreSQ;C:\Program Files\PostgreSQL\18\bin;C:\Users\Bradford Nfor\AppData\Local\Programs\Python\Python313\Scripts\;C:\Users\Bradford Nfor\AppData\Local\Programs\Python\Python313\;C:\Users\Bradford Nfor\AppData\Local\Programs\Python\Launcher\;C:\Users\Bradford Nfor\AppData\Local\Microsoft\WindowsApps;C:\src\flutter\bin;C:\Users\Bradford Nfor\AppData\Roaming\npm;C:\Users\Bradford Nfor\AppData\Roaming\Composer\vendor\bin;C:\Users\Bradford Nfor\AppData\Local\Programs\Microsoft VS Code\bin
USERNAME=Bradford Nfor
OS=Windows_NT
PROCESSOR_IDENTIFIER=Intel64 Family 6 Model 142 Stepping 10, GenuineIntel
TMP=C:\Users\BRADFO~1\AppData\Local\Temp
TEMP=C:\Users\BRADFO~1\AppData\Local\Temp




Periodic native trim disabled

---------------  S Y S T E M  ---------------

OS:
 Windows 10 , 64 bit Build 19041 (10.0.19041.5915)
OS uptime: 3 days 11:24 hours
Hyper-V role detected

CPU: total 8 (initial active 8) (4 cores per cpu, 2 threads per core) family 6 model 142 stepping 10 microcode 0xf6, cx8, cmov, fxsr, ht, mmx, 3dnowpref, sse, sse2, sse3, ssse3, sse4.1, sse4.2, popcnt, lzcnt, tsc, tscinvbit, avx, avx2, aes, erms, clmul, bmi1, bmi2, rtm, adx, fma, vzeroupper, clflush, clflushopt, hv, rdtscp, f16c
Processor Information for the first 8 processors :
  Max Mhz: 1896, Current Mhz: 1696, Mhz Limit: 1687

Memory: 4k page, system-wide physical 8035M (272M free)
TotalPageFile size 32611M (AvailPageFile size 123M)
current process WorkingSet (physical memory assigned to process): 11M, peak: 11M
current process commit charge ("private bytes"): 60M, peak: 186M

vm_info: Java HotSpot(TM) 64-Bit Server VM (24.0.2+12-54) for windows-amd64 JRE (24.0.2+12-54), built on 2025-07-08T12:10:27Z with MS VC++ 17.6 (VS2022)

END.
